st7735.c:125:13:ST7735_GPIO_Init	4	static
st7735.c:143:13:ST7735_Reset	8	static
st7735.c:150:13:ST7735_WriteCommand	16	static
st7735.c:163:13:ST7735_WriteData	16	static
st7735.c:174:13:ST7735_ExecuteCommandList	24	static
st7735.c:204:13:ST7735_SetAddressWindow	32	static
st7735.c:222:13:ST7735_WriteChar	48	static
st7735.c:277:6:ST7735_DrawString	64	static
st7735.c:342:6:ST7735_Init	8	static
st7735.c:353:6:ST7735_DrawPixel	24	static
st7735.c:369:6:ST7735_FillRectangle	40	dynamic
st7735.c:407:6:ST7735_FillScreen	24	static
st7735.c:412:6:ST7735_DrawImage	24	static
st7735.c:424:6:ST7735_InvertColors	16	static
st7735.c:431:6:ST7735_Backlight_On	4	static
st7735.c:436:6:ST7735_Backlight_Off	4	static
st7735.c:445:6:ST7735_DrawCircle	32	static
st7735.c:485:6:ST7735_DrawCircleHelper	32	static
st7735.c:531:6:ST7735_FillCircle	32	static
st7735.c:542:6:ST7735_FillCircleHelper	32	static
st7735.c:579:6:ST7735_DrawEllipse	48	static
st7735.c:623:6:ST7735_FillEllipse	48	static
st7735.c:667:6:ST7735_DrawRect	24	static
st7735.c:680:6:ST7735_DrawRoundRect	32	static
st7735.c:699:6:ST7735_FillRoundRect	32	static
st7735.c:714:6:ST7735_DrawTriangle	32	static
st7735.c:726:6:ST7735_FillTriangle	64	static
st7735.c:809:6:ST7735_DrawLine	48	static
st7735.c:863:6:ST7735_DrawFastVLine	32	static
st7735.c:881:6:ST7735_DrawFastHLine	32	static
st7735.c:898:6:ST7735_SetRotation	24	static
st7735.c:952:9:ST7735_GetRotation	4	static
st7735.c:957:9:ST7735_GetHeight	4	static
st7735.c:962:9:ST7735_GetWidth	4	static
